
> web@0.1.0 build
> next build

node.exe : [baseline-
browser-mapping] The 
data in this module 
is over two months 
old.  To ensure 
accurate Baseline 
data, please update: 
`npm i baseline-brows
er-mapping@latest -D`
At C:\Program Files\n
odejs\npm.ps1:29 
char:3
+   & $NODE_EXE 
$NPM_CLI_JS $args
+   ~~~~~~~~~~~~~~~~~
~~~~~~~~~~~~
    + CategoryInfo   
           : NotSpe  
  cified: ([baseli   
 ne-brows...ping@    
latest -D`:Strin    
g) [], RemoteExc    
eption
    + FullyQualified 
   ErrorId : Native  
  CommandError
 
   Γû▓ Next.js 16.0.5 (Turbopack)
   - Environments: .env.local

   Creating an optimized production build ...
[baseline-browser-map
ping] The data in 
this module is over 
two months old.  To 
ensure accurate 
Baseline data, 
please update: `npm 
i baseline-browser-ma
pping@latest -D`
[baseline-browser-map
ping] The data in 
this module is over 
two months old.  To 
ensure accurate 
Baseline data, 
please update: `npm 
i baseline-browser-ma
pping@latest -D`
 Γ£ô Compiled successfully in 4.6s
   Running TypeScript ...
   Collecting page data using 15 workers ...
[baseline-browser-map
ping] The data in 
this module is over 
two months old.  To 
ensure accurate 
Baseline data, 
please update: `npm 
i baseline-browser-ma
pping@latest -D`
[baseline-browser-map
ping] The data in 
this module is over 
two months old.  To 
ensure accurate 
Baseline data, 
please update: `npm 
i baseline-browser-ma
pping@latest -D`
[baseline-browser-map
ping] The data in 
this module is over 
two months old.  To 
ensure accurate 
Baseline data, 
please update: `npm 
i baseline-browser-ma
pping@latest -D`
[baseline-browser-map
ping] The data in 
this module is over 
two months old.  To 
ensure accurate 
Baseline data, 
please update: `npm 
i baseline-browser-ma
pping@latest -D`
[baseline-browser-map
ping] The data in 
this module is over 
two months old.  To 
ensure accurate 
Baseline data, 
please update: `npm 
i baseline-browser-ma
pping@latest -D`
[baseline-browser-map
ping] The data in 
this module is over 
two months old.  To 
ensure accurate 
Baseline data, 
please update: `npm 
i baseline-browser-ma
pping@latest -D`
[baseline-browser-map
ping] The data in 
this module is over 
two months old.  To 
ensure accurate 
Baseline data, 
please update: `npm 
i baseline-browser-ma
pping@latest -D`
[baseline-browser-map
ping] The data in 
this module is over 
two months old.  To 
ensure accurate 
Baseline data, 
please update: `npm 
i baseline-browser-ma
pping@latest -D`
[baseline-browser-map
ping] The data in 
this module is over 
two months old.  To 
ensure accurate 
Baseline data, 
please update: `npm 
i baseline-browser-ma
pping@latest -D`
[baseline-browser-map
ping] The data in 
this module is over 
two months old.  To 
ensure accurate 
Baseline data, 
please update: `npm 
i baseline-browser-ma
pping@latest -D`
[baseline-browser-map
ping] The data in 
this module is over 
two months old.  To 
ensure accurate 
Baseline data, 
please update: `npm 
i baseline-browser-ma
pping@latest -D`
[baseline-browser-map
ping] The data in 
this module is over 
two months old.  To 
ensure accurate 
Baseline data, 
please update: `npm 
i baseline-browser-ma
pping@latest -D`
   Generating static pages using 15 workers (0/10) ...
[baseline-browser-map
ping] The data in 
this module is over 
two months old.  To 
ensure accurate 
Baseline data, 
please update: `npm 
i baseline-browser-ma
pping@latest -D`
   Generating static pages using 15 workers (2/10) 
 Γ¿» 
useSearchParams() 
should be wrapped in 
a suspense boundary 
at page "/404". Read 
more: https://nextjs.
org/docs/messages/mis
sing-suspense-with-cs
r-bailout
    at S (C:\Users\pm
ish\Downloads\news_pr
oject\web\.next\serve
r\chunks\ssr\node_mod
ules_2fdc3f49._.js:2:
2111)
    at p (C:\Users\pm
ish\Downloads\news_pr
oject\web\.next\serve
r\chunks\ssr\node_mod
ules_2fdc3f49._.js:4:
4847)
    at s (C:\Users\pm
ish\Downloads\news_pr
oject\web\.next\serve
r\chunks\ssr\_2c0ee84
a._.js:1:5785)
    at ar (C:\Users\p
mish\Downloads\news_p
roject\web\node_modul
es\next\dist\compiled
\next-server\app-page
-turbo.runtime.prod.j
s:2:84366)
    at aa (C:\Users\p
mish\Downloads\news_p
roject\web\node_modul
es\next\dist\compiled
\next-server\app-page
-turbo.runtime.prod.j
s:2:86185)
    at aa (C:\Users\p
mish\Downloads\news_p
roject\web\node_modul
es\next\dist\compiled
\next-server\app-page
-turbo.runtime.prod.j
s:2:104714)
    at as (C:\Users\p
mish\Downloads\news_p
roject\web\node_modul
es\next\dist\compiled
\next-server\app-page
-turbo.runtime.prod.j
s:2:107952)
    at ao (C:\Users\p
mish\Downloads\news_p
roject\web\node_modul
es\next\dist\compiled
\next-server\app-page
-turbo.runtime.prod.j
s:2:105374)
    at ah (C:\Users\p
mish\Downloads\news_p
roject\web\node_modul
es\next\dist\compiled
\next-server\app-page
-turbo.runtime.prod.j
s:2:112881)
    at al (C:\Users\p
mish\Downloads\news_p
roject\web\node_modul
es\next\dist\compiled
\next-server\app-page
-turbo.runtime.prod.j
s:2:109984)
Error occurred 
prerendering page 
"/_not-found". Read 
more: https://nextjs.
org/docs/messages/pre
render-error
Export encountered 
an error on 
/_not-found/page: 
/_not-found, exiting 
the build.
 Γ¿» Next.js build 
worker exited with 
code: 1 and signal: 
null
