src/app/api/newsletter/subscribe/route.ts(17,39): error TS2339: Property 'errors' does not exist on type 'ZodError<{ email: string; }>'.
